// Vitest Snapshot v1

exports[`resolve options > resolve options 1`] = `
{
  "packageJson": {
    "exports": {
      ".": "./lib/cli.mjs",
      "./a": {
        "node": {
          "require": "./exports/test.js",
        },
      },
      "./b": "./exports/test.js",
    },
    "files": [
      "lib",
    ],
  },
  "root": "/Users/jiangwei/projects/publish-police/test/fixtures/basic",
  "strict": true,
}
`;
